[www.penske.com/index.html]
[backblue.gif]
[fade.gif]
[index.html]
[www.penske.com/wp-includes/css/dashicons.minc1f9.css]
[www.penske.com/wp-includes/css/jquery-ui-dialog.minc1f9.css]
[www.penske.com/wp-content/plugins/contact-form-7/includes/css/styles5b31.css]
[www.penske.com/feed/index.html]
[www.penske.com/wp-content/plugins/revslider/public/assets/css/settingsb62d.css]
[www.penske.com/comments/feed/index.html]
[www.penske.com/wp-content/themes/penske_corporation/stylec1f9.css]
[www.penske.com/wp-content/themes/penske_corporation/css/theme.minc1f9.css]
[www.penske.com/wp-content/plugins/js_composer/assets/css/js_composer.min8f82.css]
[www.penske.com/wp-content/plugins/cubeportfolio/public/css/main.min-1.12.04d85.css]
[maxcdn.bootstrapcdn.com/font-awesome/4.4.0/css/font-awesome.minc1f9.css]
[www.google-analytics.com/analytics.js]
[www.penske.com/wp-content/plugins/jquery-updater/js/jquery-migrate-1.3.0.min6f3e.js]
[www.penske.com/xmlrpc0db0.php]
[www.penske.com/wp-includes/wlwmanifest.xml]
[www.penske.com/wp-json/index.html]
[www.penske.com/wp-content/plugins/jquery-updater/js/jquery-2.2.0.min3601.js]
[www.penske.com/wp-content/themes/penske_corporation/images/penske_logo.png]
[www.penske.com/wp-content/uploads/2016/02/slide_transportation_excellence.jpg]
[www.penske.com/wp-content/uploads/2016/02/slide_locations.jpg]
[www.penske.com/wp-content/plugins/revslider/public/assets/js/jquery.themepunch.revolution.minafe3.js]
[www.penske.com/our-companies/index.html]
[www.penske.com/wp-content/uploads/2016/02/slide_diversified.jpg]
[www.penske.com/wp-content/plugins/revslider/public/assets/js/jquery.themepunch.tools.minafe3.js]
[www.penske.com/about-us/index.html]
[www.penske.com/wp-content/uploads/2015/09/slide_04.jpg]
[www.penske.com/contact/index.html]
[www.penske.com/wp-content/uploads/2016/02/slide_winning_culture1.jpg]
[www.penske.com/wp-content/uploads/2015/11/icon_automotive.png]
[www.penske.com/careers/index.html]
[www.penske.com/wp-content/uploads/2015/11/icon_trucks.png]
[www.penske.com/wp-content/uploads/2015/11/icon_logistics.png]
[www.penske.com/wp-content/uploads/2016/01/icon_manufacturing.png]
[www.penske.com/wp-content/uploads/2016/01/icon_racing.png]
[www.penske.com/wp-content/uploads/2015/10/penske_automotive_img.jpg]
[www.penske.com/wp-content/uploads/2016/02/penske_automotive_logo2.png]
[www.penske.com/wp-content/uploads/2015/10/penske_vehicle_services_img.jpg]
[www.penske.com/wp-content/uploads/2016/02/penske_vehicle_services_logo3.png]
[www.penske.com/wp-content/uploads/2015/10/penske_motor_group_img.jpg]
[www.penske.com/wp-content/uploads/2016/02/penske_motor_group_logo_2.png]
[www.penske.com/wp-content/uploads/2015/10/penske_truck_rental_img.jpg]
[www.penske.com/wp-content/uploads/2016/02/penske_truck_rental_logo2.png]
[www.penske.com/wp-content/uploads/2015/10/premier_truck_img.jpg]
[www.penske.com/wp-content/uploads/2016/02/premier_truck_logo2.png]
[www.penske.com/wp-content/uploads/2015/10/penske_truck_leasing_img.jpg]
[www.penske.com/wp-content/uploads/2016/02/penske_truck_leasing_logo2.png]
[www.penske.com/wp-content/uploads/2015/10/penske_logistics_img.jpg]
[www.penske.com/wp-content/uploads/2016/02/penske_logistics_logo2.png]
[www.penske.com/wp-content/uploads/2015/10/ilmor_img.jpg]
[www.penske.com/wp-content/uploads/2016/02/ilmor_logo1.png]
[www.penske.com/wp-content/uploads/2015/10/truck-lite_img.jpg]
[www.penske.com/wp-content/uploads/2016/02/truck-lite_logo1.png]
[www.penske.com/wp-content/uploads/2015/10/davco_img.jpg]
[www.penske.com/wp-content/uploads/2016/02/davco_logo1.png]
[www.penske.com/wp-content/uploads/2015/10/team_penske_img.jpg]
[www.penske.com/wp-content/uploads/2016/02/team_penske_logo.png]
[www.penske.com/wp-content/uploads/2015/10/detroit_grand_prix_img.jpg]
[www.penske.com/wp-content/uploads/2016/02/detroit_grand_prix_logo1.png]
[www.penske.com/wp-includes/js/jquery/ui/core.mine899.js]
[www.penske.com/wp-includes/js/jquery/ui/widget.mine899.js]
[www.penske.com/wp-includes/js/jquery/ui/mouse.mine899.js]
[www.penske.com/wp-includes/js/jquery/ui/resizable.mine899.js]
[www.penske.com/wp-includes/js/jquery/ui/draggable.mine899.js]
[www.penske.com/wp-includes/js/jquery/ui/button.mine899.js]
[www.penske.com/site-map/index.html]
[www.penske.com/terms-of-use/index.html]
[www.penske.com/privacy-policy/index.html]
[www.penske.com/wp-includes/js/jquery/ui/position.mine899.js]
[www.penske.com/wp-includes/js/jquery/ui/dialog.mine899.js]
[www.penske.com/wp-includes/js/wpdialog.minc1f9.js]
[www.penske.com/wp-content/plugins/contact-form-7/includes/js/jquery.form.mind03d.js]
[www.penske.com/wp-content/plugins/contact-form-7/includes/js/scripts5b31.js]
[www.penske.com/wp-content/themes/penske_corporation/js/skip-link-focus-fix08e0.js]
[www.penske.com/wp-content/themes/penske_corporation/bootstrap/js/bootstrap.minfcc1.js]
[www.penske.com/index.html]
[www.penske.com/xmlrpc.php]
[www.penske.com/wp-includes/js/wp-embed.minc1f9.js]
[www.penske.com/wp-content/plugins/js_composer/assets/js/dist/js_composer_front.min8f82.js]
[www.penske.com/wp-includes/fonts/dashicons.eot]
[www.penske.com/wp-includes/css/dashicons.minc1f9.css]
[www.penske.com/wp-includes/css/jquery-ui-dialog.minc1f9.css]
[www.penske.com/wp-content/plugins/contact-form-7/includes/css/styles5b31.css]
[www.penske.com/wp-content/plugins/revslider/public/assets/fonts/revicons/revicons90c6.eot]
[www.penske.com/wp-content/plugins/revslider/public/assets/fonts/revicons/revicons90c6.woff]
[www.penske.com/wp-content/plugins/cubeportfolio/public/js/main.min-1.12.04d85.js]
[www.penske.com/wp-content/plugins/revslider/public/assets/fonts/revicons/revicons90c6.ttf]
[www.penske.com/wp-content/plugins/revslider/public/assets/css/openhand.cur]
[www.penske.com/wp-content/plugins/revslider/public/assets/css/closedhand.cur]
[www.penske.com/wp-content/plugins/revslider/public/assets/assets/gridtile.png]
[www.penske.com/wp-content/plugins/revslider/public/assets/assets/gridtile_white.png]
[www.penske.com/wp-content/plugins/revslider/public/assets/assets/gridtile_3x3.png]
[www.penske.com/wp-content/plugins/revslider/public/assets/assets/gridtile_3x3_white.png]
[www.penske.com/wp-content/plugins/revslider/public/assets/assets/coloredbg.png]
[www.penske.com/wp-content/plugins/revslider/public/assets/assets/loader.gif]
[www.penske.com/wp-content/plugins/revslider/public/assets/css/settingsb62d.css]
[www.penske.com/wp-content/themes/penske_corporation/bootstrap/fonts/glyphicons-halflings-regular.eot]
[www.penske.com/wp-content/themes/penske_corporation/bootstrap/fonts/glyphicons-halflings-regular.woff2]
[www.penske.com/wp-content/themes/penske_corporation/bootstrap/fonts/glyphicons-halflings-regular.woff]
[www.penske.com/wp-content/themes/penske_corporation/bootstrap/fonts/glyphicons-halflings-regular.ttf]
[www.penske.com/wp-content/themes/penske_corporation/stylec1f9.css]
[www.penske.com/wp-content/themes/penske_corporation/bootstrap/fonts/glyphicons-halflings-regulard41d.eot]
[www.penske.com/wp-content/themes/penske_corporation/images/truck_rent_bg_white.jpg]
[www.penske.com/wp-content/themes/penske_corporation/images/buy_vehicle_bg.jpg]
[www.penske.com/wp-content/themes/penske_corporation/images/select-arrow.png]
[www.penske.com/wp-content/themes/penske_corporation/images/companies_header.jpg]
[www.penske.com/wp-content/themes/penske_corporation/css/theme.minc1f9.css]
[maxcdn.bootstrapcdn.com/font-awesome/4.4.0/css/font-awesome.minc1f9.css]
[www.penske.com/wp-content/plugins/js_composer/assets/vc/alert.png]
[www.penske.com/wp-content/plugins/js_composer/assets/vc/info.png]
[www.penske.com/wp-content/plugins/js_composer/assets/vc/tick.png]
[www.penske.com/wp-content/plugins/js_composer/assets/vc/exclamation.png]
[www.penske.com/wp-content/plugins/js_composer/assets/images/icons/address-book.png]
[www.penske.com/wp-content/plugins/js_composer/assets/images/icons/alarm-clock.png]
[www.penske.com/wp-content/plugins/js_composer/assets/images/icons/anchor.png]
[www.penske.com/wp-content/plugins/js_composer/assets/images/icons/application-image.png]
[www.penske.com/wp-content/plugins/js_composer/assets/images/icons/arrow.png]
[www.penske.com/wp-content/plugins/js_composer/assets/images/icons/asterisk.png]
[www.penske.com/wp-content/plugins/js_composer/assets/images/icons/auction-hammer.png]
[www.penske.com/wp-content/plugins/js_composer/assets/images/icons/balloon.png]
[www.penske.com/wp-content/plugins/js_composer/assets/images/icons/balloon-buzz.png]
[www.penske.com/wp-content/plugins/js_composer/assets/images/icons/balloon-facebook.png]
[www.penske.com/wp-content/plugins/js_composer/assets/images/icons/balloon-twitter.png]
[www.penske.com/wp-content/plugins/js_composer/assets/images/icons/battery-full.png]
[www.penske.com/wp-content/plugins/js_composer/assets/images/icons/binocular.png]
[www.penske.com/wp-content/plugins/js_composer/assets/images/icons/blue-document-excel.png]
[www.penske.com/wp-content/plugins/js_composer/assets/images/icons/blue-document-image.png]
[www.penske.com/wp-content/plugins/js_composer/assets/images/icons/blue-document-music.png]
[www.penske.com/wp-content/plugins/js_composer/assets/images/icons/blue-document-office.png]
[www.penske.com/wp-content/plugins/js_composer/assets/images/icons/blue-document-pdf.png]
[www.penske.com/wp-content/plugins/js_composer/assets/images/icons/blue-document-powerpoint.png]
[www.penske.com/wp-content/plugins/js_composer/assets/images/icons/blue-document-word.png]
[www.penske.com/wp-content/plugins/js_composer/assets/images/icons/bookmark.png]
[www.penske.com/wp-content/plugins/js_composer/assets/images/icons/camcorder.png]
[www.penske.com/wp-content/plugins/js_composer/assets/images/icons/camera.png]
[www.penske.com/wp-content/plugins/js_composer/assets/images/icons/chart.png]
[www.penske.com/wp-content/plugins/js_composer/assets/images/icons/chart-pie.png]
[www.penske.com/wp-content/plugins/js_composer/assets/images/icons/clock.png]
[www.penske.com/wp-content/plugins/js_composer/assets/images/icons/control.png]
[www.penske.com/wp-content/plugins/js_composer/assets/images/icons/fire.png]
[www.penske.com/wp-content/plugins/js_composer/assets/images/icons/heart.png]
[www.penske.com/wp-content/plugins/js_composer/assets/images/icons/mail.png]
[www.penske.com/wp-content/plugins/js_composer/assets/images/icons/plus-shield.png]
[www.penske.com/wp-content/plugins/js_composer/assets/images/icons/video.png]
[www.penske.com/wp-content/plugins/js_composer/assets/images/toggle_open.png]
[www.penske.com/wp-content/plugins/js_composer/assets/images/toggle_close.png]
[www.penske.com/wp-content/plugins/js_composer/assets/images/flickr.png]
[www.penske.com/wp-content/plugins/js_composer/assets/fonts/vc_grid/vc_grid_v157a1.eot]
[www.penske.com/wp-content/plugins/js_composer/assets/fonts/vc_grid/vc_grid_v1d41d.eot]
[www.penske.com/wp-content/plugins/js_composer/assets/fonts/vc_grid/vc_grid_v157a1.woff]
[www.penske.com/wp-content/plugins/js_composer/assets/fonts/vc_grid/vc_grid_v157a1.ttf]
[www.penske.com/wp-content/plugins/js_composer/assets/css/js_composer.min8f82.css]
[www.penske.com/wp-content/plugins/cubeportfolio/public/img/cbp-loading.gif]
[www.penske.com/wp-content/plugins/cubeportfolio/public/img/cbp-sprite.png]
[www.penske.com/wp-content/plugins/cubeportfolio/public/img/cbp-loading-popup.gif]
[www.penske.com/wp-content/plugins/cubeportfolio/public/css/main.min-1.12.04d85.css]
[www.penske.com/wp-content/uploads/2015/09/companies_header.jpg]
[www.penske.com/wp-json/oembed/1.0/embed946d.json]
[www.penske.com/wp-json/oembed/1.0/embed4197]
[www.penske.com/wp-content/uploads/2015/11/penske_automotive.png]
[www.penske.com/wp-content/uploads/2015/11/penske_truck_rental.png]
[www.penske.com/wp-content/uploads/2015/11/premier_truck_group.png]
[www.penske.com/wp-content/uploads/2015/11/penske_truck_leasing.png]
[www.penske.com/wp-content/uploads/2016/02/penske_vehicle_services2.png]
[www.penske.com/wp-content/uploads/2015/11/penske_logistics.png]
[www.penske.com/wp-content/uploads/2015/11/penske_motor_group.png]
[www.penske.com/wp-content/uploads/2015/11/team_penske.png]
[www.penske.com/wp-content/uploads/2015/11/ilmor.png]
[www.penske.com/wp-content/uploads/2015/11/detroit_grand_prix.png]
[www.penske.com/wp-content/uploads/2015/11/truck-lite.png]
[www.penske.com/wp-content/uploads/2015/11/davco.png]
[www.penske.com/our-companies/index.html]
[www.penske.com/wp-content/uploads/2015/09/carbonfiber.jpg]
[www.penske.com/wp-json/oembed/1.0/embed1158.json]
[www.penske.com/wp-json/oembed/1.0/embed9d70]
[www.penske.com/about-us/index.html]
[www.penske.com/wp-content/uploads/2015/09/contact_bg.jpg]
[www.penske.com/wp-content/plugins/js_composer/assets/lib/bower/skrollr/dist/skrollr.min8f82.js]
[www.penske.com/wp-json/oembed/1.0/embed3544.json]
[www.penske.com/contact/index.html]
[www.penske.com/wp-json/oembed/1.0/embed7430]
[www.penske.com/wp-content/uploads/2015/09/careers.jpg]
[www.penske.com/wp-json/oembed/1.0/embedaa34.json]
[www.penske.com/wp-json/oembed/1.0/embed09a3]
[www.penske.com/wp-content/uploads/2015/11/detroit_grand_prix_careerpage.png]
[www.penske.com/careers/index.html]
[www.penske.com/wp-json/oembed/1.0/embed4679.json]
[www.penske.com/wp-json/oembed/1.0/embed8e08]
[www.penske.com/site-map/index.html]
[www.penske.com/wp-json/oembed/1.0/embed36e2.json]
[www.penske.com/wp-json/oembed/1.0/embedca48]
[www.penske.com/privacy-policy/index.html]
[www.penske.com/wp-json/oembed/1.0/embed9c46.json]
[www.penske.com/wp-json/oembed/1.0/embed3d32]
[www.penske.com/terms-of-use/index.html]
[www.penske.com/wp-content/plugins/revslider/public/assets/fonts/revicons/revicons90c6.svg]
[www.penske.com/wp-content/themes/penske_corporation/bootstrap/fonts/glyphicons-halflings-regular.html]
[www.penske.com/wp-content/themes/penske_corporation/bootstrap/fonts/glyphicons-halflings-regular.svg]
[www.penske.com/wp-content/plugins/js_composer/assets/fonts/vc_grid/vc_grid_v157a1.svg]
[www.penske.com/indexc4f7.html]
[www.penske.com/index2df4.html]
[www.penske.com/indexb5fb.html]
[www.penske.com/indexb93f.html]
[www.penske.com/indexa1ca.html]
[www.penske.com/index0e62.html]
[www.penske.com/indexd8eb.html]
